Read testdata/2000.tree: 2000 taxa
Read testdata/2000.fas: 1251 sites

TEST 1: NO ASC BIAS
Log-L: -376539.211547
  Br.Len      logLikelihood       1st Deriv       2nd Deriv
  0.0001     -376569.858622 -7.17805288e+03  9.00973704e+06  *
  0.0010     -376565.211482 -4.02412312e+03  1.60951377e+06  *
  0.0100     -376549.092340 -9.26475886e+02  9.12042854e+04  *
  0.1000     -376546.759479  2.18660011e+02  1.79731004e+03  *
  1.0000     -376790.406580  2.22401826e+02 -1.04126523e+02  
 10.0000     -377445.004318  2.42918481e+01 -3.40494037e+00  
100.0000     -377836.767226  7.72835622e-01 -1.91544043e-02  

TEST 2: ASC BIAS LEWIS
Log-L: -376534.406057
  Br.Len      logLikelihood       1st Deriv       2nd Deriv
  0.0001     -376565.047252 -7.17817732e+03  9.00973705e+06  *
  0.0010     -376560.400224 -4.02424756e+03  1.60951377e+06  *
  0.0100     -376544.282202 -9.26600271e+02  9.12042916e+04  *
  0.1000     -376541.960510  2.18536185e+02  1.79731623e+03  *
  1.0000     -376785.716589  2.22283429e+02 -1.04120649e+02  
 10.0000     -377441.178362  2.42147192e+01 -3.40142409e+00  
100.0000     -377834.948574  7.67928196e-01 -1.90429535e-02  

TEST 2: ASC BIAS FELSENSTEIN
Log-L: -377485.067669
  Br.Len      logLikelihood       1st Deriv       2nd Deriv
  0.0001     -377515.507269 -7.18244147e+03  9.00973715e+06  *
  0.0010     -377510.864079 -4.02851161e+03  1.60951387e+06  *
  0.0100     -377494.784429 -9.30863425e+02  9.12043913e+04  *
  0.1000     -377492.846018  2.14281997e+02  1.79741579e+03  *
  1.0000     -377740.390709  2.18118294e+02 -1.04022325e+02  
 10.0000     -378429.545536  2.08699917e+01 -3.31802737e+00  
100.0000     -378947.603295  3.14443304e-01 -9.98182917e-03  

TEST 2: ASC BIAS STAMATAKIS
Log-L: -377961.619605
  Br.Len      logLikelihood       1st Deriv       2nd Deriv
  0.0001     -377991.971916 -7.17181912e+03  9.00973694e+06  *
  0.0010     -377987.330386 -4.01788946e+03  1.60951367e+06  *
  0.0100     -377971.267343 -9.20243116e+02  9.12041859e+04  *
  0.1000     -377969.495029  2.24883827e+02  1.79721051e+03  *
  1.0000     -378218.703151  2.28535724e+02 -1.04226800e+02  
 10.0000     -378924.372499  2.95020195e+01 -3.50863767e+00  
100.0000     -379504.407122  1.30619027e+00 -3.15896886e-02  

TEST 1: NO ASC BIAS
Log-L: -376539.211547
  Br.Len      logLikelihood       1st Deriv       2nd Deriv
  0.0001     -376588.767896 -2.01491393e+04  4.35212664e+07  *
  0.0010     -376578.147065 -7.83726887e+03  4.69011502e+06  *
  0.0100     -376552.867352 -1.27249532e+03  1.36077377e+05  *
  0.1000     -376546.153557  2.15083632e+02  1.92380335e+03  *
  1.0000     -376787.910260  2.20059204e+02 -1.02352431e+02  
 10.0000     -377440.724115  2.43890918e+01 -3.40966697e+00  
100.0000     -377835.804935  7.80659251e-01 -1.93956876e-02  

TEST 2: ASC BIAS LEWIS
Log-L: -376534.406057
  Br.Len      logLikelihood       1st Deriv       2nd Deriv
  0.0001     -376583.956195 -2.01492638e+04  4.35212664e+07  *
  0.0010     -376573.335476 -7.83739332e+03  4.69011503e+06  *
  0.0100     -376548.056883 -1.27261971e+03  1.36077383e+05  *
  0.1000     -376541.354258  2.14959797e+02  1.92380954e+03  *
  1.0000     -376783.219948  2.19940799e+02 -1.02346556e+02  
 10.0000     -377436.897900  2.43119573e+01 -3.40615043e+00  
100.0000     -377833.986162  7.75751506e-01 -1.92842294e-02  

TEST 2: ASC BIAS FELSENSTEIN
Log-L: -377485.067669
  Br.Len      logLikelihood       1st Deriv       2nd Deriv
  0.0001     -377534.404871 -2.01535279e+04  4.35212665e+07  *
  0.0010     -377523.787990 -7.84165738e+03  4.69011513e+06  *
  0.0100     -377498.547769 -1.27688288e+03  1.36077483e+05  *
  0.1000     -377492.228426  2.10705597e+02  1.92390910e+03  *
  1.0000     -377737.882738  2.15775653e+02 -1.02248232e+02  
 10.0000     -378425.253834  2.09672214e+01 -3.32275333e+00  
100.0000     -378946.629686  3.22267661e-01 -1.02231200e-02  

TEST 2: ASC BIAS STAMATAKIS
Log-L: -377961.619605
  Br.Len      logLikelihood       1st Deriv       2nd Deriv
  0.0001     -378010.864604 -2.01429056e+04  4.35212663e+07  *
  0.0010     -378000.249384 -7.83103519e+03  4.69011492e+06  *
  0.0100     -377975.025770 -1.26626254e+03  1.36077278e+05  *
  0.1000     -377968.872522  2.21307457e+02  1.92370382e+03  *
  1.0000     -378216.190255  2.26193111e+02 -1.02452708e+02  
 10.0000     -378920.075798  2.95992716e+01 -3.51336437e+00  
100.0000     -379503.428611  1.31401425e+00 -3.18309848e-02  

TEST 1: NO ASC BIAS
Log-L: -376539.211547
  Br.Len      logLikelihood       1st Deriv       2nd Deriv
  0.0001     -376662.410545 -2.83159180e+04  5.91239012e+07  *
  0.0010     -376646.551695 -1.25624606e+04  6.20431514e+06  *
  0.0100     -376599.021044 -2.83234165e+03  2.34237871e+05  *
  0.1000     -376540.111656 -8.58666183e+01  4.26252492e+03  *
  1.0000     -376698.940701  1.82867072e+02 -6.06107215e+01  
 10.0000     -377294.479082  2.35183408e+01 -3.19063217e+00  
100.0000     -377685.791460  7.84835181e-01 -1.94758100e-02  

TEST 2: ASC BIAS LEWIS
Log-L: -376534.406057
  Br.Len      logLikelihood       1st Deriv       2nd Deriv
  0.0001     -376657.588431 -2.83160427e+04  5.91239012e+07  *
  0.0010     -376641.729693 -1.25625853e+04  6.20431514e+06  *
  0.0100     -376594.200164 -2.83246632e+03  2.34237877e+05  *
  0.1000     -376535.301971 -8.59907280e+01  4.26253113e+03  *
  1.0000     -376694.240245  1.82748403e+02 -6.06048331e+01  
 10.0000     -377290.644629  2.34410374e+01 -3.18710768e+00  
100.0000     -377683.968743  7.79917190e-01 -1.93641187e-02  

TEST 2: ASC BIAS FELSENSTEIN
Log-L: -377485.067669
  Br.Len      logLikelihood       1st Deriv       2nd Deriv
  0.0001     -377607.680708 -2.83203068e+04  5.91239013e+07  *
  0.0010     -377591.825809 -1.25668493e+04  6.20431524e+06  *
  0.0100     -377544.334652 -2.83672945e+03  2.34237977e+05  *
  0.1000     -377485.819737 -9.02448926e+01  4.26263069e+03  *
  1.0000     -377648.546601  1.78583292e+02 -6.05065093e+01  
 10.0000     -378278.643753  2.00963538e+01 -3.10370774e+00  
100.0000     -378796.248227  3.26481227e-01 -1.03038624e-02  

TEST 2: ASC BIAS STAMATAKIS
Log-L: -377961.619605
  Br.Len      logLikelihood       1st Deriv       2nd Deriv
  0.0001     -378083.985873 -2.83096842e+04  5.91239011e+07  *
  0.0010     -378068.132634 -1.25562269e+04  6.20431504e+06  *
  0.0100     -378020.658081 -2.82610887e+03  2.34237771e+05  *
  0.1000     -377962.309241 -7.96427931e+01  4.26242539e+03  *
  1.0000     -378126.699316  1.89000978e+02 -6.07109990e+01  
 10.0000     -378773.309382  2.87285203e+01 -3.29432956e+00  
100.0000     -379352.893744  1.31819017e+00 -3.19111068e-02  
